Metal1		NET		7		0
Metal1		SPNET		7		0
Metal1		PIN		7		0
Metal1		LEFPIN		7		0
Metal1		FILL		7		0
Metal1		VIA		7		0
Metal1		VIAFILL		7		0
Metal1		LEFOBS		7		0
NAME		Metal1/PIN		7		3
NAME		Metal1/LEFPIN		7		3
Via1		FILL		8		0
Via1		VIA		8		0
Via1		VIAFILL		8		0
Metal2		NET		9		0
Metal2		SPNET		9		0
Metal2		PIN		9		0
Metal2		LEFPIN		9		0
Metal2		FILL		9		0
Metal2		VIA		9		0
Metal2		VIAFILL		9		0
Metal2		LEFOBS		9		0
NAME		Metal2/PIN		9		3
NAME		Metal2/LEFPIN		9		3
Via2		FILL		10		0
Via2		VIA		10		0
Via2		VIAFILL		10		0
Metal3		NET		11		0
Metal3		SPNET		11		0
Metal3		PIN		11		0
Metal3		LEFPIN		11		0
Metal3		FILL		11		0
Metal3		VIA		11		0
Metal3		VIAFILL		11		0
Metal3		LEFOBS		11		0
NAME		Metal3/PIN		11		3
NAME		Metal3/LEFPIN		11		3
Via3		FILL		30		0
Via3		VIA		30		0
Via3		VIAFILL		30		0
Metal4		NET		31		0
Metal4		SPNET		31		0
Metal4		PIN		31		0
Metal4		LEFPIN		31		0
Metal4		FILL		31		0
Metal4		VIA		31		0
Metal4		VIAFILL		31		0
Metal4		LEFOBS		31		0
NAME		Metal4/PIN		31		3
NAME		Metal4/LEFPIN		31		3
Via4		FILL		32		0
Via4		VIA		32		0
Via4		VIAFILL		32		0
Metal5		NET		33		0
Metal5		SPNET		33		0
Metal5		PIN		33		0
Metal5		LEFPIN		33		0
Metal5		FILL		33		0
Metal5		VIA		33		0
Metal5		VIAFILL		33		0
Metal5		LEFOBS		33		0
NAME		Metal5/PIN		33		3
NAME		Metal5/LEFPIN		33		3
Via5		FILL		34		0
Via5		VIA		34		0
Via5		VIAFILL		34		0
Metal6		NET		35		0
Metal6		SPNET		35		0
Metal6		PIN		35		0
Metal6		LEFPIN		35		0
Metal6		FILL		35		0
Metal6		VIA		35		0
Metal6		VIAFILL		35		0
Metal6		LEFOBS		35		0
NAME		Metal6/PIN		35		3
NAME		Metal6/LEFPIN		35		3
Via6		FILL		37		0
Via6		VIA		37		0
Via6		VIAFILL		37		0
Metal7		NET		38		0
Metal7		SPNET		38		0
Metal7		PIN		38		0
Metal7		LEFPIN		38		0
Metal7		FILL		38		0
Metal7		VIA		38		0
Metal7		VIAFILL		38		0
Metal7		LEFOBS		38		0
NAME		Metal7/PIN		38		3
NAME		Metal7/LEFPIN		38		3
Via7		FILL		39		0
Via7		VIA		39		0
Via7		VIAFILL		39		0
Metal8		NET		40		0
Metal8		SPNET		40		0
Metal8		PIN		40		0
Metal8		LEFPIN		40		0
Metal8		FILL		40		0
Metal8		VIA		40		0
Metal8		VIAFILL		40		0
Metal8		LEFOBS		40		0
NAME		Metal8/PIN		40		3
NAME		Metal8/LEFPIN		40		3
Via8		FILL		41		0
Via8		VIA		41		0
Via8		VIAFILL		41		0
Metal9		NET		42		0
Metal9		SPNET		42		0
Metal9		PIN		42		0
Metal9		LEFPIN		42		0
Metal9		FILL		42		0
Metal9		VIA		42		0
Metal9		VIAFILL		42		0
Metal9		LEFOBS		42		0
NAME		Metal9/PIN		42		3
NAME		Metal9/LEFPIN		42		3
DIEAREA		ALL		235		0
